Archive member included to satisfy reference by file (symbol)

lib/orangescrt.a(printf.o)    kernel/main.o (printf)
lib/orangescrt.a(vsprintf.o)  kernel/main.o (vsprintf)
lib/orangescrt.a(string.o)    kernel/start.o (memcpy)
lib/orangescrt.a(misc.o)      kernel/main.o (send_recv)
lib/orangescrt.a(open.o)      kernel/main.o (open)
lib/orangescrt.a(read.o)      kernel/main.o (read)
lib/orangescrt.a(write.o)     kernel/main.o (write)
lib/orangescrt.a(close.o)     kernel/main.o (close)
lib/orangescrt.a(getpid.o)    kernel/main.o (getpid)
lib/orangescrt.a(stat.o)      mm/exec.o (stat)
lib/orangescrt.a(fork.o)      kernel/main.o (fork)
lib/orangescrt.a(wait.o)      kernel/main.o (wait)
lib/orangescrt.a(exec.o)      kernel/main.o (execv)
lib/orangescrt.a(syscall.o)   lib/orangescrt.a(misc.o) (sendrec)

Allocating common symbols
Common symbol       size              file

filequeue           0x140             kernel/main.o
idt_ptr             0x6               kernel/global.o
dirs                0x258             kernel/main.o
inode_table         0xb00             kernel/global.o
task_stack          0x24000           kernel/global.o
k_reenter           0x4               kernel/global.o
gdt                 0x400             kernel/global.o
current_console     0x4               kernel/global.o
pcaller             0x4               kernel/global.o
tty_table           0xc6c             kernel/global.o
tss                 0x68              kernel/global.o
fs_msg              0xf8              kernel/global.o
memory_size         0x4               kernel/global.o
f_desc_table        0x400             kernel/global.o
dirqueue            0x140             kernel/main.o
root_inode          0x4               kernel/global.o
disp_pos            0x4               kernel/global.o
files               0x3c0             kernel/main.o
mm_msg              0xf8              kernel/global.o
key_pressed         0x4               kernel/global.o
gdt_ptr             0x6               kernel/global.o
idt                 0x800             kernel/global.o
super_block         0x1e0             kernel/global.o
PARTITION_ENTRY     0x10              kernel/hd.o
ticks               0x4               kernel/global.o
console_table       0x3c              kernel/global.o
irq_table           0x40              kernel/global.o
p_proc_ready        0x4               kernel/global.o
proc_table          0x17e8            kernel/global.o

Discarded input sections

 .note.GNU-stack
                0x0000000000000000        0x0 kernel/start.o
 .note.GNU-stack
                0x0000000000000000        0x0 kernel/main.o
 .note.GNU-stack
                0x0000000000000000        0x0 kernel/clock.o
 .note.GNU-stack
                0x0000000000000000        0x0 kernel/keyboard.o
 .note.GNU-stack
                0x0000000000000000        0x0 kernel/tty.o
 .note.GNU-stack
                0x0000000000000000        0x0 kernel/console.o
 .note.GNU-stack
                0x0000000000000000        0x0 kernel/i8259.o
 .note.GNU-stack
                0x0000000000000000        0x0 kernel/global.o
 .note.GNU-stack
                0x0000000000000000        0x0 kernel/protect.o
 .note.GNU-stack
                0x0000000000000000        0x0 kernel/proc.o
 .note.GNU-stack
                0x0000000000000000        0x0 kernel/systask.o
 .note.GNU-stack
                0x0000000000000000        0x0 kernel/hd.o
 .note.GNU-stack
                0x0000000000000000        0x0 kernel/klib.o
 .note.GNU-stack
                0x0000000000000000        0x0 lib/syslog.o
 .note.GNU-stack
                0x0000000000000000        0x0 mm/main.o
 .note.GNU-stack
                0x0000000000000000        0x0 mm/forkexit.o
 .note.GNU-stack
                0x0000000000000000        0x0 mm/exec.o
 .note.GNU-stack
                0x0000000000000000        0x0 fs/main.o
 .note.GNU-stack
                0x0000000000000000        0x0 fs/open.o
 .note.GNU-stack
                0x0000000000000000        0x0 fs/misc.o
 .note.GNU-stack
                0x0000000000000000        0x0 fs/read_write.o
 .note.GNU-stack
                0x0000000000000000        0x0 fs/link.o
 .note.GNU-stack
                0x0000000000000000        0x0 fs/disklog.o
 .note.GNU-stack
                0x0000000000000000        0x0 fs/list.o
 .note.GNU-stack
                0x0000000000000000        0x0 lib/orangescrt.a(printf.o)
 .note.GNU-stack
                0x0000000000000000        0x0 lib/orangescrt.a(vsprintf.o)
 .note.GNU-stack
                0x0000000000000000        0x0 lib/orangescrt.a(misc.o)
 .note.GNU-stack
                0x0000000000000000        0x0 lib/orangescrt.a(open.o)
 .note.GNU-stack
                0x0000000000000000        0x0 lib/orangescrt.a(read.o)
 .note.GNU-stack
                0x0000000000000000        0x0 lib/orangescrt.a(write.o)
 .note.GNU-stack
                0x0000000000000000        0x0 lib/orangescrt.a(close.o)
 .note.GNU-stack
                0x0000000000000000        0x0 lib/orangescrt.a(getpid.o)
 .note.GNU-stack
                0x0000000000000000        0x0 lib/orangescrt.a(stat.o)
 .note.GNU-stack
                0x0000000000000000        0x0 lib/orangescrt.a(fork.o)
 .note.GNU-stack
                0x0000000000000000        0x0 lib/orangescrt.a(wait.o)
 .note.GNU-stack
                0x0000000000000000        0x0 lib/orangescrt.a(exec.o)

Memory Configuration

Name             Origin             Length             Attributes
*default*        0x0000000000000000 0xffffffffffffffff

Linker script and memory map

Address of section .text set to 0x1000
LOAD kernel/kernel.o
LOAD kernel/start.o
LOAD kernel/main.o
LOAD kernel/clock.o
LOAD kernel/keyboard.o
LOAD kernel/tty.o
LOAD kernel/console.o
LOAD kernel/i8259.o
LOAD kernel/global.o
LOAD kernel/protect.o
LOAD kernel/proc.o
LOAD kernel/systask.o
LOAD kernel/hd.o
LOAD kernel/kliba.o
LOAD kernel/klib.o
LOAD lib/syslog.o
LOAD mm/main.o
LOAD mm/forkexit.o
LOAD mm/exec.o
LOAD fs/main.o
LOAD fs/open.o
LOAD fs/misc.o
LOAD fs/read_write.o
LOAD fs/link.o
LOAD fs/disklog.o
LOAD fs/list.o
LOAD lib/orangescrt.a
                0x0000000008048000                PROVIDE (__executable_start, 0x8048000)
                0x0000000008048094                . = (0x8048000 + SIZEOF_HEADERS)

.interp
 *(.interp)

.note.gnu.build-id
 *(.note.gnu.build-id)

.hash
 *(.hash)

.gnu.hash
 *(.gnu.hash)

.dynsym
 *(.dynsym)

.dynstr
 *(.dynstr)

.gnu.version
 *(.gnu.version)

.gnu.version_d
 *(.gnu.version_d)

.gnu.version_r
 *(.gnu.version_r)

.rel.dyn        0x0000000008048094        0x0
 *(.rel.init)
 *(.rel.text .rel.text.* .rel.gnu.linkonce.t.*)
 .rel.text      0x0000000000000000        0x0 kernel/kernel.o
 *(.rel.fini)
 *(.rel.rodata .rel.rodata.* .rel.gnu.linkonce.r.*)
 *(.rel.data.rel.ro .rel.data.rel.ro.* .rel.gnu.linkonce.d.rel.ro.*)
 *(.rel.data .rel.data.* .rel.gnu.linkonce.d.*)
 .rel.data      0x0000000000000000        0x0 kernel/kernel.o
 *(.rel.tdata .rel.tdata.* .rel.gnu.linkonce.td.*)
 *(.rel.tbss .rel.tbss.* .rel.gnu.linkonce.tb.*)
 *(.rel.ctors)
 *(.rel.dtors)
 *(.rel.got)
 *(.rel.bss .rel.bss.* .rel.gnu.linkonce.b.*)
 *(.rel.ifunc)

.rel.plt        0x0000000008048094        0x0
 *(.rel.plt)
                0x0000000008048094                PROVIDE (__rel_iplt_start, .)
 *(.rel.iplt)
 .rel.iplt      0x0000000000000000        0x0 kernel/kernel.o
                0x0000000008048094                PROVIDE (__rel_iplt_end, .)

.init
 *(SORT(.init))

.plt            0x00000000080480a0        0x0
 *(.plt)
 *(.iplt)
 .iplt          0x0000000000000000        0x0 kernel/kernel.o

.text           0x0000000000001000     0xd468
 *(.text.unlikely .text.*_unlikely .text.unlikely.*)
 *(.text.exit .text.exit.*)
 *(.text.startup .text.startup.*)
 *(.text.hot .text.hot.*)
 *(.text .stub .text.* .gnu.linkonce.t.*)
 .text          0x0000000000001000      0x410 kernel/kernel.o
                0x0000000000001000                _start
                0x0000000000001040                hwint00
                0x0000000000001070                hwint01
                0x00000000000010a0                hwint02
                0x00000000000010d0                hwint03
                0x0000000000001100                hwint04
                0x0000000000001130                hwint05
                0x0000000000001160                hwint06
                0x0000000000001190                hwint07
                0x00000000000011c0                hwint08
                0x00000000000011f0                hwint09
                0x0000000000001220                hwint10
                0x0000000000001250                hwint11
                0x0000000000001280                hwint12
                0x00000000000012b0                hwint13
                0x00000000000012e0                hwint14
                0x0000000000001310                hwint15
                0x0000000000001334                divide_error
                0x000000000000133a                single_step_exception
                0x0000000000001340                nmi
                0x0000000000001346                breakpoint_exception
                0x000000000000134c                overflow
                0x0000000000001352                bounds_check
                0x0000000000001358                inval_opcode
                0x000000000000135e                copr_not_available
                0x0000000000001364                double_fault
                0x0000000000001368                copr_seg_overrun
                0x000000000000136e                inval_tss
                0x0000000000001372                segment_not_present
                0x0000000000001376                stack_exception
                0x000000000000137a                general_protection
                0x000000000000137e                page_fault
                0x0000000000001382                copr_error
                0x00000000000013cb                sys_call
                0x00000000000013eb                restart
 .text          0x0000000000001410       0x8e kernel/start.o
                0x0000000000001410                cstart
 .text          0x000000000000149e      0xe1c kernel/main.o
                0x000000000000149e                kernel_main
                0x00000000000017d3                get_ticks
                0x0000000000001817                untar
                0x00000000000019e1                Init
                0x0000000000001b20                TestA
                0x0000000000001b25                TestB
                0x0000000000001b2a                TestC
                0x0000000000001b2f                panic
                0x0000000000001b7c                shabby_shell
                0x0000000000001f4c                welcome
                0x000000000000202c                clear
                0x000000000000205a                off
                0x0000000000002060                colorful
                0x00000000000021eb                initFS
 .text          0x00000000000022ba      0x143 kernel/clock.o
                0x00000000000022ba                clock_handler
                0x0000000000002360                milli_delay
                0x0000000000002399                init_clock
 .text          0x00000000000023fd      0x6d6 kernel/keyboard.o
                0x00000000000023fd                keyboard_handler
                0x0000000000002463                init_keyboard
                0x0000000000002512                keyboard_read
 .text          0x0000000000002ad3      0xb02 kernel/tty.o
                0x0000000000002ad3                task_tty
                0x0000000000002ce9                in_process
                0x00000000000032dc                sys_printx
                0x000000000000347e                dump_tty_buf
 .text          0x00000000000035d5      0x7e1 kernel/console.o
                0x00000000000035d5                init_screen
                0x0000000000003746                out_char
                0x0000000000003a3c                is_current_console
                0x0000000000003b31                select_console
                0x0000000000003b6c                scroll_screen
 .text          0x0000000000003db6      0x13c kernel/i8259.o
                0x0000000000003db6                init_8259A
                0x0000000000003ea7                spurious_irq
                0x0000000000003ed2                put_irq_handler
 .text          0x0000000000003ef2        0x0 kernel/global.o
 .text          0x0000000000003ef2      0x842 kernel/protect.o
                0x0000000000003ef2                init_prot
                0x000000000000454c                seg2linear
                0x000000000000459b                init_desc
                0x0000000000004607                exception_handler
 .text          0x0000000000004734     0x18c5 kernel/proc.o
                0x0000000000004734                schedule
                0x00000000000047bf                sys_sendrec
                0x000000000000491e                ldt_seg_linear
                0x0000000000004968                va2la
                0x00000000000049d7                reset_msg
                0x00000000000059a7                inform_int
                0x0000000000005b3d                dump_proc
                0x0000000000005ea0                dump_msg
 .text          0x0000000000005ff9      0x430 kernel/systask.o
                0x0000000000005ff9                clear_process
                0x000000000000603a                task_sys
 .text          0x0000000000006429      0xeec kernel/hd.o
                0x0000000000006429                task_hd
                0x00000000000072f0                hd_handler
 *fill*         0x0000000000007315        0xb 
 .text          0x0000000000007320      0x19a kernel/kliba.o
                0x0000000000007320                disp_str
                0x000000000000735e                disp_color_str
                0x000000000000739d                out_byte
                0x00000000000073a9                in_byte
                0x00000000000073b3                port_read
                0x00000000000073c6                port_write
                0x00000000000073d9                disable_irq
                0x000000000000740e                enable_irq
                0x000000000000742d                disable_int
                0x000000000000742f                enable_int
                0x0000000000007431                glitter
 .text          0x00000000000074ba      0x43e kernel/klib.o
                0x00000000000074ba                get_boot_params
                0x000000000000755a                get_kernel_map
                0x0000000000007676                itoa
                0x0000000000007721                disp_int
                0x0000000000007746                delay
                0x000000000000778c                str2Int
                0x0000000000007824                getMag
                0x000000000000785a                getSize
                0x000000000000788c                showFormatString
 .text          0x00000000000078f8       0x75 lib/syslog.o
                0x00000000000078f8                syslog
 .text          0x000000000000796d      0x1d9 mm/main.o
                0x000000000000796d                task_mm
                0x0000000000007ab3                alloc_mem
                0x0000000000007b3c                free_mem
 .text          0x0000000000007b46      0x617 mm/forkexit.o
                0x0000000000007b46                do_fork
                0x0000000000007ebe                do_exit
                0x000000000000809b                do_wait
 .text          0x000000000000815d      0x392 mm/exec.o
                0x000000000000815d                do_exec
 .text          0x00000000000084ef     0x126e fs/main.o
                0x00000000000084ef                task_fs
                0x00000000000090dd                rw_sector
                0x0000000000009335                get_super_block
                0x000000000000937b                get_inode
                0x00000000000094e9                put_inode
                0x000000000000952e                sync_inode
 .text          0x000000000000975d      0xb0e fs/open.o
                0x000000000000975d                do_open
                0x0000000000009bec                do_close
                0x0000000000009c63                do_lseek
 .text          0x000000000000a26b      0x3f6 fs/misc.o
                0x000000000000a26b                do_stat
                0x000000000000a45c                search_file
                0x000000000000a5d5                strip_path
 .text          0x000000000000a661      0x522 fs/read_write.o
                0x000000000000a661                do_rdwt
 .text          0x000000000000ab83      0x8f6 fs/link.o
                0x000000000000ab83                do_unlink
 .text          0x000000000000b479     0x2142 fs/disklog.o
                0x000000000000b479                disklog
                0x000000000000babf                dump_fd_graph
 .text          0x000000000000d5bb      0x1bd fs/list.o
                0x000000000000d5bb                do_list
 .text          0x000000000000d778       0xc0 lib/orangescrt.a(printf.o)
                0x000000000000d778                printf
                0x000000000000d7f7                printl
 .text          0x000000000000d838      0x318 lib/orangescrt.a(vsprintf.o)
                0x000000000000d89b                vsprintf
                0x000000000000db26                sprintf
 .text          0x000000000000db50       0x78 lib/orangescrt.a(string.o)
                0x000000000000db50                memcpy
                0x000000000000db79                memset
                0x000000000000db9a                strcpy
                0x000000000000dbb2                strlen
 .text          0x000000000000dbc8      0x2fa lib/orangescrt.a(misc.o)
                0x000000000000dbc8                send_recv
                0x000000000000dca8                memcmp
                0x000000000000dd1e                strcmp
                0x000000000000dd90                strcat
                0x000000000000ddef                strjin
                0x000000000000de61                spin
                0x000000000000de7c                assertion_failure
 .text          0x000000000000dec2       0x7f lib/orangescrt.a(open.o)
                0x000000000000dec2                open
 .text          0x000000000000df41       0x48 lib/orangescrt.a(read.o)
                0x000000000000df41                read
 .text          0x000000000000df89       0x48 lib/orangescrt.a(write.o)
                0x000000000000df89                write
 .text          0x000000000000dfd1       0x3c lib/orangescrt.a(close.o)
                0x000000000000dfd1                close
 .text          0x000000000000e00d       0x65 lib/orangescrt.a(getpid.o)
                0x000000000000e00d                getpid
 .text          0x000000000000e072       0x7f lib/orangescrt.a(stat.o)
                0x000000000000e072                stat
 .text          0x000000000000e0f1       0x90 lib/orangescrt.a(fork.o)
                0x000000000000e0f1                fork
 .text          0x000000000000e181       0x4d lib/orangescrt.a(wait.o)
                0x000000000000e181                wait
 .text          0x000000000000e1ce      0x26f lib/orangescrt.a(exec.o)
                0x000000000000e1ce                exec
                0x000000000000e255                execl
                0x000000000000e27b                execv
 *fill*         0x000000000000e43d        0x3 
 .text          0x000000000000e440       0x28 lib/orangescrt.a(syscall.o)
                0x000000000000e440                sendrec
                0x000000000000e45a                printx
 *(.gnu.warning)

.fini
 *(SORT(.fini))
                0x000000000000e468                PROVIDE (__etext, .)
                0x000000000000e468                PROVIDE (_etext, .)
                0x000000000000e468                PROVIDE (etext, .)

.rodata         0x000000000000e480     0x2e0f
 *(.rodata .rodata.* .gnu.linkonce.r.*)
 .rodata        0x000000000000e480       0x47 kernel/start.o
 *fill*         0x000000000000e4c7        0x1 
 .rodata        0x000000000000e4c8      0xa06 kernel/main.o
 *fill*         0x000000000000eece        0x2 
 .rodata        0x000000000000eed0       0x64 kernel/keyboard.o
 .rodata        0x000000000000ef34      0x168 kernel/tty.o
 .rodata        0x000000000000f09c       0x5b kernel/console.o
 .rodata        0x000000000000f0f7       0x11 kernel/i8259.o
 .rodata        0x000000000000f108       0x10 kernel/global.o
                0x000000000000f108                FSBUF_SIZE
                0x000000000000f10c                MMBUF_SIZE
                0x000000000000f110                LOGBUF_SIZE
                0x000000000000f114                LOGDISKBUF_SIZE
 *fill*         0x000000000000f118        0x8 
 .rodata        0x000000000000f120      0x580 kernel/protect.o
 .rodata        0x000000000000f6a0      0x5da kernel/proc.o
 *fill*         0x000000000000fc7a        0x2 
 .rodata        0x000000000000fc7c       0x38 kernel/systask.o
 .rodata        0x000000000000fcb4      0x1df kernel/hd.o
 *fill*         0x000000000000fe93        0x1 
 .rodata        0x000000000000fe94       0x6d kernel/klib.o
 .rodata        0x000000000000ff01       0x1e lib/syslog.o
 *fill*         0x000000000000ff1f        0x1 
 .rodata        0x000000000000ff20       0xb1 mm/main.o
 *fill*         0x000000000000ffd1        0x3 
 .rodata        0x000000000000ffd4       0xbb mm/forkexit.o
 *fill*         0x000000000001008f        0x1 
 .rodata        0x0000000000010090       0xa4 mm/exec.o
 .rodata        0x0000000000010134      0x2a2 fs/main.o
 *fill*         0x00000000000103d6        0x2 
 .rodata        0x00000000000103d8      0x121 fs/open.o
 *fill*         0x00000000000104f9        0x3 
 .rodata        0x00000000000104fc       0x60 fs/misc.o
 .rodata        0x000000000001055c      0x164 fs/read_write.o
 .rodata        0x00000000000106c0      0x1ad fs/link.o
 *fill*         0x000000000001086d        0x3 
 .rodata        0x0000000000010870      0x806 fs/disklog.o
 .rodata        0x0000000000011076       0x2f fs/list.o
 .rodata        0x00000000000110a5       0x14 lib/orangescrt.a(printf.o)
 *fill*         0x00000000000110b9        0x3 
 .rodata        0x00000000000110bc       0xad lib/orangescrt.a(misc.o)
 .rodata        0x0000000000011169       0x23 lib/orangescrt.a(open.o)
 .rodata        0x000000000001118c       0x25 lib/orangescrt.a(getpid.o)
 .rodata        0x00000000000111b1       0x23 lib/orangescrt.a(stat.o)
 .rodata        0x00000000000111d4       0x33 lib/orangescrt.a(fork.o)
 *fill*         0x0000000000011207        0x1 
 .rodata        0x0000000000011208       0x87 lib/orangescrt.a(exec.o)

.rodata1
 *(.rodata1)

.eh_frame_hdr
 *(.eh_frame_hdr)

.eh_frame       0x0000000000011290     0x144c
 *(.eh_frame)
 .eh_frame      0x0000000000011290       0x38 kernel/start.o
 .eh_frame      0x00000000000112c8      0x1a8 kernel/main.o
                                        0x1c0 (size before relaxing)
 .eh_frame      0x0000000000011470       0x60 kernel/clock.o
                                         0x78 (size before relaxing)
 .eh_frame      0x00000000000114d0       0xe0 kernel/keyboard.o
                                         0xf8 (size before relaxing)
 .eh_frame      0x00000000000115b0      0x13c kernel/tty.o
                                        0x154 (size before relaxing)
 .eh_frame      0x00000000000116ec      0x148 kernel/console.o
                                        0x160 (size before relaxing)
 .eh_frame      0x0000000000011834       0x60 kernel/i8259.o
                                         0x78 (size before relaxing)
 .eh_frame      0x0000000000011894       0xb0 kernel/protect.o
                                         0xc8 (size before relaxing)
 .eh_frame      0x0000000000011944      0x1c0 kernel/proc.o
                                        0x1d8 (size before relaxing)
 .eh_frame      0x0000000000011b04       0x7c kernel/systask.o
                                         0x94 (size before relaxing)
 .eh_frame      0x0000000000011b80      0x210 kernel/hd.o
                                        0x228 (size before relaxing)
 .eh_frame      0x0000000000011d90      0x124 kernel/klib.o
                                        0x13c (size before relaxing)
 .eh_frame      0x0000000000011eb4       0x20 lib/syslog.o
                                         0x38 (size before relaxing)
 .eh_frame      0x0000000000011ed4       0x7c mm/main.o
                                         0x94 (size before relaxing)
 .eh_frame      0x0000000000011f50       0x90 mm/forkexit.o
                                         0xa8 (size before relaxing)
 .eh_frame      0x0000000000011fe0       0x2c mm/exec.o
                                         0x44 (size before relaxing)
 .eh_frame      0x000000000001200c      0x174 fs/main.o
                                        0x18c (size before relaxing)
 .eh_frame      0x0000000000012180      0x128 fs/open.o
                                        0x140 (size before relaxing)
 .eh_frame      0x00000000000122a8       0x70 fs/misc.o
                                         0x88 (size before relaxing)
 .eh_frame      0x0000000000012318       0x2c fs/read_write.o
                                         0x44 (size before relaxing)
 .eh_frame      0x0000000000012344       0x2c fs/link.o
                                         0x44 (size before relaxing)
 .eh_frame      0x0000000000012370       0x60 fs/disklog.o
                                         0x78 (size before relaxing)
 .eh_frame      0x00000000000123d0       0x28 fs/list.o
                                         0x40 (size before relaxing)
 .eh_frame      0x00000000000123f8       0x40 lib/orangescrt.a(printf.o)
                                         0x58 (size before relaxing)
 .eh_frame      0x0000000000012438       0x68 lib/orangescrt.a(vsprintf.o)
                                         0x80 (size before relaxing)
 .eh_frame      0x00000000000124a0       0xdc lib/orangescrt.a(misc.o)
                                         0xf4 (size before relaxing)
 .eh_frame      0x000000000001257c       0x20 lib/orangescrt.a(open.o)
                                         0x38 (size before relaxing)
 .eh_frame      0x000000000001259c       0x20 lib/orangescrt.a(read.o)
                                         0x38 (size before relaxing)
 .eh_frame      0x00000000000125bc       0x20 lib/orangescrt.a(write.o)
                                         0x38 (size before relaxing)
 .eh_frame      0x00000000000125dc       0x20 lib/orangescrt.a(close.o)
                                         0x38 (size before relaxing)
 .eh_frame      0x00000000000125fc       0x20 lib/orangescrt.a(getpid.o)
                                         0x38 (size before relaxing)
 .eh_frame      0x000000000001261c       0x20 lib/orangescrt.a(stat.o)
                                         0x38 (size before relaxing)
 .eh_frame      0x000000000001263c       0x20 lib/orangescrt.a(fork.o)
                                         0x38 (size before relaxing)
 .eh_frame      0x000000000001265c       0x20 lib/orangescrt.a(wait.o)
                                         0x38 (size before relaxing)
 .eh_frame      0x000000000001267c       0x60 lib/orangescrt.a(exec.o)
                                         0x78 (size before relaxing)

.gcc_except_table
 *(.gcc_except_table .gcc_except_table.*)

.exception_ranges
 *(.exception_ranges .exception_ranges*)
                0x00000000000126dc                . = (ALIGN (0x1000) - ((0x1000 - .) & 0xfff))
                0x00000000000136dc                . = DATA_SEGMENT_ALIGN (0x1000, 0x1000)

.eh_frame
 *(.eh_frame)

.gcc_except_table
 *(.gcc_except_table .gcc_except_table.*)

.exception_ranges
 *(.exception_ranges .exception_ranges*)

.tdata
 *(.tdata .tdata.* .gnu.linkonce.td.*)

.tbss
 *(.tbss .tbss.* .gnu.linkonce.tb.*)
 *(.tcommon)

.preinit_array  0x00000000000136dc        0x0
                0x00000000000136dc                PROVIDE (__preinit_array_start, .)
 *(.preinit_array)
                0x00000000000136dc                PROVIDE (__preinit_array_end, .)

.init_array     0x00000000000136dc        0x0
                0x00000000000136dc                PROVIDE (__init_array_start, .)
 *(SORT(.init_array.*) SORT(.ctors.*))
 *(.init_array EXCLUDE_FILE(*crtend?.o *crtend.o *crtbegin?.o *crtbegin.o) .ctors)
                0x00000000000136dc                PROVIDE (__init_array_end, .)

.fini_array     0x00000000000136dc        0x0
                0x00000000000136dc                PROVIDE (__fini_array_start, .)
 *(SORT(.fini_array.*) SORT(.dtors.*))
 *(.fini_array EXCLUDE_FILE(*crtend?.o *crtend.o *crtbegin?.o *crtbegin.o) .dtors)
                0x00000000000136dc                PROVIDE (__fini_array_end, .)

.ctors
 *crtbegin.o(.ctors)
 *crtbegin?.o(.ctors)
 *(EXCLUDE_FILE(*crtend?.o *crtend.o) .ctors)
 *(SORT(.ctors.*))
 *(.ctors)

.dtors
 *crtbegin.o(.dtors)
 *crtbegin?.o(.dtors)
 *(EXCLUDE_FILE(*crtend?.o *crtend.o) .dtors)
 *(SORT(.dtors.*))
 *(.dtors)

.jcr
 *(.jcr)

.data.rel.ro
 *(.data.rel.ro.local* .gnu.linkonce.d.rel.ro.local.*)
 *(.data.rel.ro .data.rel.ro.* .gnu.linkonce.d.rel.ro.*)

.dynamic
 *(.dynamic)

.got
 *(.got)
 *(.igot)
                0x00000000000136dc                . = DATA_SEGMENT_RELRO_END (., (SIZEOF (.got.plt) >= 0xc)?0xc:0x0)

.got.plt        0x00000000000136dc        0x0
 *(.got.plt)
 *(.igot.plt)
 .igot.plt      0x0000000000000000        0x0 kernel/kernel.o

.data           0x00000000000136e0      0x814
 *(.data .data.* .gnu.linkonce.d.*)
 .data          0x00000000000136e0        0x2 kernel/kernel.o
 .data          0x00000000000136e2        0x0 kernel/start.o
 .data          0x00000000000136e2        0xc kernel/main.o
                0x00000000000136e2                location
 .data          0x00000000000136ee        0x0 kernel/clock.o
 *fill*         0x00000000000136ee       0x12 
 .data          0x0000000000013700      0x600 kernel/keyboard.o
                0x0000000000013700                keymap
 .data          0x0000000000013d00       0x22 kernel/tty.o
 .data          0x0000000000013d22        0x0 kernel/console.o
 .data          0x0000000000013d22        0x0 kernel/i8259.o
 *fill*         0x0000000000013d22       0x1e 
 .data          0x0000000000013d40      0x1b4 kernel/global.o
                0x0000000000013d40                task_table
                0x0000000000013e20                user_proc_table
                0x0000000000013ec0                sys_call_table
                0x0000000000013ecc                dd_map
                0x0000000000013ee4                fsbuf
                0x0000000000013ee8                mmbuf
                0x0000000000013eec                logbuf
                0x0000000000013ef0                logdiskbuf
 .data          0x0000000000013ef4        0x0 kernel/protect.o
 .data          0x0000000000013ef4        0x0 kernel/proc.o
 .data          0x0000000000013ef4        0x0 kernel/systask.o
 .data          0x0000000000013ef4        0x0 kernel/hd.o
 .data          0x0000000000013ef4        0x0 kernel/klib.o
 .data          0x0000000000013ef4        0x0 lib/syslog.o
 .data          0x0000000000013ef4        0x0 mm/main.o
 .data          0x0000000000013ef4        0x0 mm/forkexit.o
 .data          0x0000000000013ef4        0x0 mm/exec.o
 .data          0x0000000000013ef4        0x0 fs/main.o
 .data          0x0000000000013ef4        0x0 fs/open.o
 .data          0x0000000000013ef4        0x0 fs/misc.o
 .data          0x0000000000013ef4        0x0 fs/read_write.o
 .data          0x0000000000013ef4        0x0 fs/link.o
 .data          0x0000000000013ef4        0x0 fs/disklog.o
 .data          0x0000000000013ef4        0x0 fs/list.o
 .data          0x0000000000013ef4        0x0 lib/orangescrt.a(printf.o)
 .data          0x0000000000013ef4        0x0 lib/orangescrt.a(vsprintf.o)
 .data          0x0000000000013ef4        0x0 lib/orangescrt.a(misc.o)
 .data          0x0000000000013ef4        0x0 lib/orangescrt.a(open.o)
 .data          0x0000000000013ef4        0x0 lib/orangescrt.a(read.o)
 .data          0x0000000000013ef4        0x0 lib/orangescrt.a(write.o)
 .data          0x0000000000013ef4        0x0 lib/orangescrt.a(close.o)
 .data          0x0000000000013ef4        0x0 lib/orangescrt.a(getpid.o)
 .data          0x0000000000013ef4        0x0 lib/orangescrt.a(stat.o)
 .data          0x0000000000013ef4        0x0 lib/orangescrt.a(fork.o)
 .data          0x0000000000013ef4        0x0 lib/orangescrt.a(wait.o)
 .data          0x0000000000013ef4        0x0 lib/orangescrt.a(exec.o)

.data1
 *(.data1)
                0x0000000000013ef4                _edata = .
                0x0000000000013ef4                PROVIDE (edata, .)
                0x0000000000013ef4                . = .
                0x0000000000013ef4                __bss_start = .

.bss            0x0000000000013f00    0x29ed8
 *(.dynbss)
 *(.bss .bss.* .gnu.linkonce.b.*)
 .bss           0x0000000000013f00      0x800 kernel/kernel.o
 .bss           0x0000000000014700        0x0 kernel/start.o
 .bss           0x0000000000014700        0x8 kernel/main.o
                0x0000000000014700                filecount
                0x0000000000014704                dircount
 .bss           0x0000000000014708        0x0 kernel/clock.o
 *fill*         0x0000000000014708       0x18 
 .bss           0x0000000000014720       0x58 kernel/keyboard.o
 .bss           0x0000000000014778        0x0 kernel/tty.o
 .bss           0x0000000000014778        0x0 kernel/console.o
 .bss           0x0000000000014778        0x0 kernel/i8259.o
 .bss           0x0000000000014778        0x0 kernel/global.o
 .bss           0x0000000000014778        0x0 kernel/protect.o
 .bss           0x0000000000014778        0x0 kernel/proc.o
 .bss           0x0000000000014778        0x0 kernel/systask.o
 *fill*         0x0000000000014778        0x8 
 .bss           0x0000000000014780      0x64c kernel/hd.o
 .bss           0x0000000000014dcc        0x0 kernel/klib.o
 .bss           0x0000000000014dcc        0x0 lib/syslog.o
 .bss           0x0000000000014dcc        0x0 mm/main.o
 .bss           0x0000000000014dcc        0x0 mm/forkexit.o
 .bss           0x0000000000014dcc        0x0 mm/exec.o
 .bss           0x0000000000014dcc        0x0 fs/main.o
 .bss           0x0000000000014dcc        0x0 fs/open.o
 .bss           0x0000000000014dcc        0x0 fs/misc.o
 .bss           0x0000000000014dcc        0x0 fs/read_write.o
 .bss           0x0000000000014dcc        0x0 fs/link.o
 *fill*         0x0000000000014dcc       0x14 
 .bss           0x0000000000014de0      0x208 fs/disklog.o
 .bss           0x0000000000014fe8        0x0 fs/list.o
 .bss           0x0000000000014fe8        0x0 lib/orangescrt.a(printf.o)
 .bss           0x0000000000014fe8        0x0 lib/orangescrt.a(vsprintf.o)
 .bss           0x0000000000014fe8        0x0 lib/orangescrt.a(misc.o)
 .bss           0x0000000000014fe8        0x0 lib/orangescrt.a(open.o)
 .bss           0x0000000000014fe8        0x0 lib/orangescrt.a(read.o)
 .bss           0x0000000000014fe8        0x0 lib/orangescrt.a(write.o)
 .bss           0x0000000000014fe8        0x0 lib/orangescrt.a(close.o)
 .bss           0x0000000000014fe8        0x0 lib/orangescrt.a(getpid.o)
 .bss           0x0000000000014fe8        0x0 lib/orangescrt.a(stat.o)
 .bss           0x0000000000014fe8        0x0 lib/orangescrt.a(fork.o)
 .bss           0x0000000000014fe8        0x0 lib/orangescrt.a(wait.o)
 .bss           0x0000000000014fe8        0x0 lib/orangescrt.a(exec.o)
 *(COMMON)
 *fill*         0x0000000000014fe8       0x18 
 COMMON         0x0000000000015000      0x8a0 kernel/main.o
                0x0000000000015000                filequeue
                0x0000000000015140                dirs
                0x00000000000153a0                dirqueue
                0x00000000000154e0                files
 COMMON         0x00000000000158a0    0x28528 kernel/global.o
                0x00000000000158a0                idt_ptr
                0x00000000000158c0                inode_table
                0x00000000000163c0                task_stack
                0x000000000003a3c0                k_reenter
                0x000000000003a3e0                gdt
                0x000000000003a7e0                current_console
                0x000000000003a7e4                pcaller
                0x000000000003a800                tty_table
                0x000000000003b480                tss
                0x000000000003b500                fs_msg
                0x000000000003b5f8                memory_size
                0x000000000003b600                f_desc_table
                0x000000000003ba00                root_inode
                0x000000000003ba04                disp_pos
                0x000000000003ba20                mm_msg
                0x000000000003bb18                key_pressed
                0x000000000003bb1c                gdt_ptr
                0x000000000003bb40                idt
                0x000000000003c340                super_block
                0x000000000003c520                ticks
                0x000000000003c540                console_table
                0x000000000003c580                irq_table
                0x000000000003c5c0                p_proc_ready
                0x000000000003c5e0                proc_table
 COMMON         0x000000000003ddc8       0x10 kernel/hd.o
                0x000000000003ddc8                PARTITION_ENTRY
                0x000000000003ddd8                . = ALIGN ((. != 0x0)?0x4:0x1)
                0x000000000003ddd8                . = ALIGN (0x4)
                0x000000000003ddd8                . = SEGMENT_START ("ldata-segment", .)
                0x000000000003ddd8                . = ALIGN (0x4)
                0x000000000003ddd8                _end = .
                0x000000000003ddd8                PROVIDE (end, .)
                0x000000000003ddd8                . = DATA_SEGMENT_END (.)

.stab
 *(.stab)

.stabstr
 *(.stabstr)

.stab.excl
 *(.stab.excl)

.stab.exclstr
 *(.stab.exclstr)

.stab.index
 *(.stab.index)

.stab.indexstr
 *(.stab.indexstr)

.comment        0x0000000000000000       0x2b
 *(.comment)
 .comment       0x0000000000000000       0x2b kernel/start.o
                                         0x2c (size before relaxing)
 .comment       0x0000000000000000       0x2c kernel/main.o
 .comment       0x0000000000000000       0x2c kernel/clock.o
 .comment       0x0000000000000000       0x2c kernel/keyboard.o
 .comment       0x0000000000000000       0x2c kernel/tty.o
 .comment       0x0000000000000000       0x2c kernel/console.o
 .comment       0x0000000000000000       0x2c kernel/i8259.o
 .comment       0x0000000000000000       0x2c kernel/global.o
 .comment       0x0000000000000000       0x2c kernel/protect.o
 .comment       0x0000000000000000       0x2c kernel/proc.o
 .comment       0x0000000000000000       0x2c kernel/systask.o
 .comment       0x0000000000000000       0x2c kernel/hd.o
 .comment       0x0000000000000000       0x2c kernel/klib.o
 .comment       0x0000000000000000       0x2c lib/syslog.o
 .comment       0x0000000000000000       0x2c mm/main.o
 .comment       0x0000000000000000       0x2c mm/forkexit.o
 .comment       0x0000000000000000       0x2c mm/exec.o
 .comment       0x0000000000000000       0x2c fs/main.o
 .comment       0x0000000000000000       0x2c fs/open.o
 .comment       0x0000000000000000       0x2c fs/misc.o
 .comment       0x0000000000000000       0x2c fs/read_write.o
 .comment       0x0000000000000000       0x2c fs/link.o
 .comment       0x0000000000000000       0x2c fs/disklog.o
 .comment       0x0000000000000000       0x2c fs/list.o
 .comment       0x0000000000000000       0x2c lib/orangescrt.a(printf.o)
 .comment       0x0000000000000000       0x2c lib/orangescrt.a(vsprintf.o)
 .comment       0x0000000000000000       0x2c lib/orangescrt.a(misc.o)
 .comment       0x0000000000000000       0x2c lib/orangescrt.a(open.o)
 .comment       0x0000000000000000       0x2c lib/orangescrt.a(read.o)
 .comment       0x0000000000000000       0x2c lib/orangescrt.a(write.o)
 .comment       0x0000000000000000       0x2c lib/orangescrt.a(close.o)
 .comment       0x0000000000000000       0x2c lib/orangescrt.a(getpid.o)
 .comment       0x0000000000000000       0x2c lib/orangescrt.a(stat.o)
 .comment       0x0000000000000000       0x2c lib/orangescrt.a(fork.o)
 .comment       0x0000000000000000       0x2c lib/orangescrt.a(wait.o)
 .comment       0x0000000000000000       0x2c lib/orangescrt.a(exec.o)

.debug
 *(.debug)

.line
 *(.line)

.debug_srcinfo
 *(.debug_srcinfo)

.debug_sfnames
 *(.debug_sfnames)

.debug_aranges
 *(.debug_aranges)

.debug_pubnames
 *(.debug_pubnames)

.debug_info
 *(.debug_info .gnu.linkonce.wi.*)

.debug_abbrev
 *(.debug_abbrev)

.debug_line
 *(.debug_line .debug_line.* .debug_line_end)

.debug_frame
 *(.debug_frame)

.debug_str
 *(.debug_str)

.debug_loc
 *(.debug_loc)

.debug_macinfo
 *(.debug_macinfo)

.debug_weaknames
 *(.debug_weaknames)

.debug_funcnames
 *(.debug_funcnames)

.debug_typenames
 *(.debug_typenames)

.debug_varnames
 *(.debug_varnames)

.debug_pubtypes
 *(.debug_pubtypes)

.debug_ranges
 *(.debug_ranges)

.debug_macro
 *(.debug_macro)

.gnu.attributes
 *(.gnu.attributes)

/DISCARD/
 *(.note.GNU-stack)
 *(.gnu_debuglink)
 *(.gnu.lto_*)
OUTPUT(kernel.bin elf32-i386)
